============================= test session starts =============================
platform win32 -- Python 3.14.2, pytest-9.0.3, pluggy-1.6.0
rootdir: C:\Users\batu.DESKTOP-IQT2FP8\Desktop\Dev\Projects\nimcode
plugins: anyio-4.13.0, asyncio-1.4.0, cov-7.1.0, respx-0.23.1, typeguard-4.5.2
asyncio: mode=Mode.STRICT, debug=False, asyncio_default_fixture_loop_scope=None, asyncio_default_test_loop_scope=function
collected 12 items

tests\test_repl.py ..........FF                                          [100%]

================================== FAILURES ===================================
____________________________ test_start_repl_exit _____________________________

agent = <nimcode.agent.Agent object at 0x000001EDFF17E5D0>

    @pytest.mark.asyncio
    async def test_start_repl_exit(agent):
        agent.mcp = MagicMock()
        agent.mcp.connect_all = AsyncMock()
        with patch("prompt_toolkit.PromptSession") as MockSession:
            mock_session = MockSession.return_value
            mock_session.prompt_async = AsyncMock(side_effect=["/exit"])
            with patch("builtins.input", return_value="y"):
                from nimcode.repl import NimcodeREPL
                repl = NimcodeREPL(agent)
>               await repl.start_repl()

tests\test_repl.py:116: 
_ _ _ _ _ _ _ _ _ _ _ _ _ _ _ _ _ _ _ _ _ _ _ _ _ _ _ _ _ _ _ _ _ _ _ _ _ _ _ _

self = <nimcode.repl.NimcodeREPL object at 0x000001EDFF882F90>

    async def start_repl(self) -> None:
        from prompt_toolkit import PromptSession
        from prompt_toolkit.history import FileHistory
        import os
        from prompt_toolkit.styles import Style
        from rich.console import Console
        from rich.panel import Panel
    
        # Connect MCPs before REPL
        if hasattr(self.agent.mcp, "connect_all"):
            await self.agent.mcp.connect_all()
    
        history_path = os.path.join(os.getcwd(), ".nimcode", "history")
        if not os.path.exists(os.path.dirname(history_path)):
            os.makedirs(os.path.dirname(history_path), exist_ok=True)
    
        session = PromptSession(history=FileHistory(history_path))
    
        console = Console()
    
        # --- Project Trust Check ---
        cwd = os.getcwd()
        trusted_projects = self.settings.get("trusted_projects", [])
        if cwd not in trusted_projects:
            console.print("\nQuick safety check: Is this a project you created or one you trust? (Like your own code, a well-known open source project, or work from your team). If not, take a moment to review what's in this folder first.\n")
            console.print("NimCode'll be able to read, edit, and execute files here.\n")
            console.print("[dim]Security guide[/dim]\n")
            try:
                ans = input("> 1. Yes, I trust this folder (y/n) [y]: ").strip().lower()
                if not ans or ans == 'y' or ans == '1' or ans == 'yes':
                    trusted_projects.append(cwd)
                    self.settings["trusted_projects"] = trusted_projects
                    save_global_setting("trusted_projects", trusted_projects)
                    self.permission_engine.mode = PermissionMode.BYPASS
                    console.print("[green]\u221a Folder trusted.[/green]\\n")
                else:
                    console.print("[yellow]Folder not trusted. Prompts will be required.[/yellow]\n")
            except (EOFError, KeyboardInterrupt):
                pass
        else:
            self.permission_engine.mode = PermissionMode.BYPASS
    
        # Build Dashboard Splash
        from rich.table import Table
        from rich.box import ROUNDED
    
        table = Table(box=None, show_header=False, expand=True, padding=(0, 2))
        table.add_column("Left", justify="center", ratio=1)
        table.add_column("Right", ratio=2)
    
        alien = "[orange3]  \u2580\u2584   \u2584\u2580  [/orange3]\\n[orange3] \u2584\u2588\u2580\u2588\u2588\u2588\u2580\u2588\u2584 [/orange3]\\n[orange3]\u2588\u2580\u2588\u2588\u2588\u2588\u2588\u2588\u2588\u2580\u2588[/orange3]\\n[orange3]\u2588 \u2588\u2580\u2580\u2580\u2580\u2580\u2588 \u2588[/orange3]\\n[orange3]   \u2580\u2580   \u2580\u2580 [/orange3]"
    
        import os
        import subprocess
        import shutil
    
        cwd_short = os.getcwd()
        if len(cwd_short) > 40:
            cwd_short = "..." + cwd_short[-37:]
    
        try:
            branch = subprocess.check_output(["git", "branch", "--show-current"], stderr=subprocess.DEVNULL).decode().strip()
            branch_info = f" [green]({branch})[/green]"
        except Exception:
            branch_info = ""
    
        try:
            _, _, free = shutil.disk_usage(os.getcwd())
            disk_gb = free // (2**30)
            disk_info = f"\n[dim]Disk Free: {disk_gb} GB[/dim]"
        except Exception:
            disk_info = ""
    
        try:
            import coverage
            cov = coverage.Coverage()
            cov.load()
            import sys, os
            # We must suppress the report output
            with open(os.devnull, 'w') as f:
                total_cov = cov.report(file=f)
            bar_len = 10
            filled = int(bar_len * (total_cov / 100))
            bar = "\u2588" * filled + "\u2591" * (bar_len - filled)
    
            # Determine color based on coverage
            cov_color = "red" if total_cov < 50 else "yellow" if total_cov < 80 else "green"
            coverage_info = f"\n[dim]Test Coverage:[/dim] [{cov_color}][{bar}] {total_cov:.1f}%[/{cov_color}]"
        except Exception:
            coverage_info = ""
    
        left_content = f"\n[bold white]Welcome back![/bold white]\n\n{alien}\n\n[dim]{self.model}[/dim]\n[dim]{cwd_short}{branch_info}[/dim]{disk_info}{coverage_info}"
    
        # Play a subtle startup sound if on Windows
        try:
            import winsound
            winsound.MessageBeep(winsound.MB_OK)
        except Exception:
            pass
    
        right_content = "[bold orange3]Tips for getting started[/bold orange3]\nRun [cyan]/help[/cyan] to see available commands and shortcuts.\nUse [cyan]/models[/cyan] to change the current model.\n\n[bold orange3]What's new[/bold orange3]\nò Added native multiline REPL support (Alt+Enter for newline).\nò Polished UI to match Claude Code experience.\nò More robust JSON parsing for tools."
    
        table.add_row(left_content, right_content)
        panel = Panel(table, title="[bold orange3]NimCode v3.0.0[/bold orange3]", border_style="orange3", box=ROUNDED, title_align="left")
        console.print(panel)
        console.print()
    
        style = Style.from_dict({
            'prompt': '#ffffff bold',
            'bottom-toolbar': '#888888 bg:#222222',
            'toolbar_title': '#ffffff bg:#4400aa bold',
            'toolbar_text': '#cccccc bg:#222222',
            'toolbar_shortcut': '#aaaaaa bg:#444444'
        })
    
        from prompt_toolkit.key_binding import KeyBindings
        from prompt_toolkit.keys import Keys
    
        kb = KeyBindings()
    
        @kb.add(Keys.Enter)
        def _(event):
            event.current_buffer.validate_and_handle()
    
        @kb.add(Keys.Escape, Keys.Enter)
        def _(event):
            event.current_buffer.insert_text('\n')
    
        @kb.add('c-p')
        def _(event):
            event.current_buffer.text = '/plan'
            event.current_buffer.validate_and_handle()
    
        @kb.add('c-g')
        def _(event):
            event.current_buffer.text = '/guardian'
            event.current_buffer.validate_and_handle()
    
        def bottom_toolbar():
            tokens = getattr(self, 'session_tokens', 0)
            cost = (tokens / 1000000) * 3.0
            mode = self.permission_engine.mode.value
            effort = getattr(self, 'effort', 'Medium')
    
            goal_ui = ""
            if getattr(self, 'goal_total_steps', 0) > 0:
                pct = int((getattr(self, 'goal_current_step', 0) / getattr(self, 'goal_total_steps', 1)) * 100)
                filled = int(10 * (pct / 100))
                bar = "\u2588" * filled + "\u2591" * (10 - filled)
                goal_ui = f" | Goal: [{bar}] {pct}% "
    
            return [
                ('class:toolbar_title', ' NimCode '),
                ('class:toolbar_text', f' Model: {self.model} | Mode: {mode} | Tokens: {tokens} | Cost: ${cost:.4f} | Effort: {effort}{goal_ui}'),
                ('class:toolbar_shortcut', ' [Alt+Enter] multiline '),
            ]
        from prompt_toolkit.completion import NestedCompleter, WordCompleter, PathCompleter
    
        command_completer = NestedCompleter.from_nested_dict({
            '/help': None,
            '/plan': None,
            '/code': None,
            '/models': None,
            '/theme': WordCompleter(['monokai', 'dracula', 'nord', 'github']),
            '/clear': None,
            '/compact': None,
            '/commit': None,
            '/fix': None,
            '/testgen': PathCompleter(),
            '/vision': None,
            '/voice': None,
            '/index': None,
            '/exit': None,
            '/quit': None,
            '/learn': None,
            '/cost': None,
            '/effort': WordCompleter(['Low', 'Medium', 'High']),
            '/thinking': None,
            '/add': PathCompleter(),
            '/research': None,
            '/swarm': None,
            '/tdd': None,
            '/mcp': WordCompleter(['install']),
            '/rewind': None,
            '/fork': None,
            '/grill-me': None,
            '/teleport': PathCompleter(),
            '/buddy': None,
            '/ultraplan': None,
            '/bughunter': None,
            '/security-review': None,
            '/doctor': None,
            '/permissions': WordCompleter(['auto', 'bypass', 'default']),
            '/graph': None,
            '/guardian': None,
            '/thinkback': None,
            '/autofix-pr': None,
            '/terraform-god': None,
            '/sql-tune': None,
            '/decompile': PathCompleter(),
        })
    
        from prompt_toolkit.lexers import PygmentsLexer
        from pygments.lexers.shell import BashLexer
        from prompt_toolkit.auto_suggest import AutoSuggestFromHistory
    
        session = PromptSession(
            style=style,
            key_bindings=kb,
            multiline=True,
            bottom_toolbar=bottom_toolbar,
            completer=command_completer,
            lexer=PygmentsLexer(BashLexer),
            auto_suggest=AutoSuggestFromHistory()
        )
    
        while True:
            try:
                user_input = await session.prompt_async("> ")
                if user_input.lower() in ["/exit", "/quit"]:
>                   self.save_history()
                    ^^^^^^^^^^^^^^^^^
E                   AttributeError: 'NimcodeREPL' object has no attribute 'save_history'

src\nimcode\repl.py:290: AttributeError
---------------------------- Captured stdout call -----------------------------
\u250c\u2500 NimCode v3.0.0 \u2500\u2500\u2500\u2500\u2500\u2500\u2500\u2500\u2500\u2500\u2500\u2500\u2500\u2500\u2500\u2500\u2500\u2500\u2500\u2500\u2500\u2500\u2500\u2500\u2500\u2500\u2500\u2500\u2500\u2500\u2500\u2500\u2500\u2500\u2500\u2500\u2500\u2500\u2500\u2500\u2500\u2500\u2500\u2500\u2500\u2500\u2500\u2500\u2500\u2500\u2500\u2500\u2500\u2500\u2500\u2500\u2500\u2500\u2500\u2500\u2510\n\u2502                            Tips for getting started                         \u2502\n\u2502       Welcome back!        Run /help to see available commands and          \u2502\n\u2502                            shortcuts.                                       \u2502\n\u2502           \u2580\u2584   \u2584\u2580          Use /models to change the current model.         \u2502\n\u2502         \u2584\u2588\u2580\u2588\u2588\u2588\u2580\u2588\u2584                                                           \u2502\n\u2502        \u2588\u2580\u2588\u2588\u2588\u2588\u2588\u2588\u2588\u2580\u2588         What's new                                       \u2502\n\u2502        \u2588 \u2588\u2580\u2580\u2580\u2580\u2580\u2588 \u2588         \u2022 Added native multiline REPL support            \u2502\n\u2502           \u2580\u2580   \u2580\u2580          (Alt+Enter for newline).                         \u2502\n\u2502                            \u2022 Polished UI to match Claude Code experience.   \u2502\n\u2502          model1            \u2022 More robust JSON parsing for tools.            \u2502\n\u2502   ...-IQT2FP8\\Desktop\\\u2026                                                     \u2502\n\u2502          (main)                                                             \u2502\n\u2502     Disk Free: 370 GB                                                       \u2502\n\u2502      Test Coverage:                                                         \u2502\n\u2502    [\u2588\u2588\u2588\u2591\u2591\u2591\u2591\u2591\u2591\u2591] 34.2%                                                       \u2502\n\u2514\u2500\u2500\u2500\u2500\u2500\u2500\u2500\u2500\u2500\u2500\u2500\u2500\u2500\u2500\u2500\u2500\u2500\u2500\u2500\u2500\u2500\u2500\u2500\u2500\u2500\u2500\u2500\u2500\u2500\u2500\u2500\u2500\u2500\u2500\u2500\u2500\u2500\u2500\u2500\u2500\u2500\u2500\u2500\u2500\u2500\u2500\u2500\u2500\u2500\u2500\u2500\u2500\u2500\u2500\u2500\u2500\u2500\u2500\u2500\u2500\u2500\u2500\u2500\u2500\u2500\u2500\u2500\u2500\u2500\u2500\u2500\u2500\u2500\u2500\u2500\u2500\u2500\u2518\n
__________________________ test_start_repl_commands ___________________________

agent = <nimcode.agent.Agent object at 0x000001EDFEF7E990>

    @pytest.mark.asyncio
    async def test_start_repl_commands(agent):
        agent.mcp = MagicMock()
        agent.mcp.connect_all = AsyncMock()
    
        # We will feed all commands one by one, then /exit
        commands = [
            "/help",
            "/models",
            "/compact",
            "/clear",
            "/history",
            "/save",
            "/load",
            "/tokens",
            "/config",
            "/theme monokai",
            "/theme",
            "/code",
            "/grill-me",
            "/decompile target",
            "/sql-tune",
            "/terraform-god",
            "/autofix-pr",
            "/thinkback",
            "/guardian",
            "/graph",
            "/review",
            "/commit",
            "/undo",
            "/exit",
            "/exit" # Extra for safety
        ]
    
        with patch("prompt_toolkit.PromptSession") as MockSession:
            mock_session = MockSession.return_value
            mock_session.prompt_async = AsyncMock(side_effect=commands)
    
            with patch("nimcode.agent.Agent._distill_memory", new_callable=AsyncMock) as mock_distill:
                mock_distill.return_value = []
                with patch("builtins.input", return_value="n"): # not trust project initially to trigger prompt
                    # Mock get_available_models to avoid TypeError
                    agent.client.get_available_models = AsyncMock(return_value=["model1", "model2"])
                    # Mock run to avoid actually executing queries
                    agent.run = AsyncMock()
    
                    class MockDialog:
                        async def run_async(self):
                            return "model1"
    
                    with patch("prompt_toolkit.shortcuts.radiolist_dialog", return_value=MockDialog()):
                        try:
                            from nimcode.repl import NimcodeREPL
                            repl = NimcodeREPL(agent)
>                           await repl.start_repl()

tests\test_repl.py:172: 
_ _ _ _ _ _ _ _ _ _ _ _ _ _ _ _ _ _ _ _ _ _ _ _ _ _ _ _ _ _ _ _ _ _ _ _ _ _ _ _

self = <nimcode.repl.NimcodeREPL object at 0x000001EDFFA6B9D0>

    async def start_repl(self) -> None:
        from prompt_toolkit import PromptSession
        from prompt_toolkit.history import FileHistory
        import os
        from prompt_toolkit.styles import Style
        from rich.console import Console
        from rich.panel import Panel
    
        # Connect MCPs before REPL
        if hasattr(self.agent.mcp, "connect_all"):
            await self.agent.mcp.connect_all()
    
        history_path = os.path.join(os.getcwd(), ".nimcode", "history")
        if not os.path.exists(os.path.dirname(history_path)):
            os.makedirs(os.path.dirname(history_path), exist_ok=True)
    
        session = PromptSession(history=FileHistory(history_path))
    
        console = Console()
    
        # --- Project Trust Check ---
        cwd = os.getcwd()
        trusted_projects = self.settings.get("trusted_projects", [])
        if cwd not in trusted_projects:
            console.print("\nQuick safety check: Is this a project you created or one you trust? (Like your own code, a well-known open source project, or work from your team). If not, take a moment to review what's in this folder first.\n")
            console.print("NimCode'll be able to read, edit, and execute files here.\n")
            console.print("[dim]Security guide[/dim]\n")
            try:
                ans = input("> 1. Yes, I trust this folder (y/n) [y]: ").strip().lower()
                if not ans or ans == 'y' or ans == '1' or ans == 'yes':
                    trusted_projects.append(cwd)
                    self.settings["trusted_projects"] = trusted_projects
                    save_global_setting("trusted_projects", trusted_projects)
                    self.permission_engine.mode = PermissionMode.BYPASS
                    console.print("[green]\u221a Folder trusted.[/green]\\n")
                else:
                    console.print("[yellow]Folder not trusted. Prompts will be required.[/yellow]\n")
            except (EOFError, KeyboardInterrupt):
                pass
        else:
            self.permission_engine.mode = PermissionMode.BYPASS
    
        # Build Dashboard Splash
        from rich.table import Table
        from rich.box import ROUNDED
    
        table = Table(box=None, show_header=False, expand=True, padding=(0, 2))
        table.add_column("Left", justify="center", ratio=1)
        table.add_column("Right", ratio=2)
    
        alien = "[orange3]  \u2580\u2584   \u2584\u2580  [/orange3]\\n[orange3] \u2584\u2588\u2580\u2588\u2588\u2588\u2580\u2588\u2584 [/orange3]\\n[orange3]\u2588\u2580\u2588\u2588\u2588\u2588\u2588\u2588\u2588\u2580\u2588[/orange3]\\n[orange3]\u2588 \u2588\u2580\u2580\u2580\u2580\u2580\u2588 \u2588[/orange3]\\n[orange3]   \u2580\u2580   \u2580\u2580 [/orange3]"
    
        import os
        import subprocess
        import shutil
    
        cwd_short = os.getcwd()
        if len(cwd_short) > 40:
            cwd_short = "..." + cwd_short[-37:]
    
        try:
            branch = subprocess.check_output(["git", "branch", "--show-current"], stderr=subprocess.DEVNULL).decode().strip()
            branch_info = f" [green]({branch})[/green]"
        except Exception:
            branch_info = ""
    
        try:
            _, _, free = shutil.disk_usage(os.getcwd())
            disk_gb = free // (2**30)
            disk_info = f"\n[dim]Disk Free: {disk_gb} GB[/dim]"
        except Exception:
            disk_info = ""
    
        try:
            import coverage
            cov = coverage.Coverage()
            cov.load()
            import sys, os
            # We must suppress the report output
            with open(os.devnull, 'w') as f:
                total_cov = cov.report(file=f)
            bar_len = 10
            filled = int(bar_len * (total_cov / 100))
            bar = "\u2588" * filled + "\u2591" * (bar_len - filled)
    
            # Determine color based on coverage
            cov_color = "red" if total_cov < 50 else "yellow" if total_cov < 80 else "green"
            coverage_info = f"\n[dim]Test Coverage:[/dim] [{cov_color}][{bar}] {total_cov:.1f}%[/{cov_color}]"
        except Exception:
            coverage_info = ""
    
        left_content = f"\n[bold white]Welcome back![/bold white]\n\n{alien}\n\n[dim]{self.model}[/dim]\n[dim]{cwd_short}{branch_info}[/dim]{disk_info}{coverage_info}"
    
        # Play a subtle startup sound if on Windows
        try:
            import winsound
            winsound.MessageBeep(winsound.MB_OK)
        except Exception:
            pass
    
        right_content = "[bold orange3]Tips for getting started[/bold orange3]\nRun [cyan]/help[/cyan] to see available commands and shortcuts.\nUse [cyan]/models[/cyan] to change the current model.\n\n[bold orange3]What's new[/bold orange3]\nò Added native multiline REPL support (Alt+Enter for newline).\nò Polished UI to match Claude Code experience.\nò More robust JSON parsing for tools."
    
        table.add_row(left_content, right_content)
        panel = Panel(table, title="[bold orange3]NimCode v3.0.0[/bold orange3]", border_style="orange3", box=ROUNDED, title_align="left")
        console.print(panel)
        console.print()
    
        style = Style.from_dict({
            'prompt': '#ffffff bold',
            'bottom-toolbar': '#888888 bg:#222222',
            'toolbar_title': '#ffffff bg:#4400aa bold',
            'toolbar_text': '#cccccc bg:#222222',
            'toolbar_shortcut': '#aaaaaa bg:#444444'
        })
    
        from prompt_toolkit.key_binding import KeyBindings
        from prompt_toolkit.keys import Keys
    
        kb = KeyBindings()
    
        @kb.add(Keys.Enter)
        def _(event):
            event.current_buffer.validate_and_handle()
    
        @kb.add(Keys.Escape, Keys.Enter)
        def _(event):
            event.current_buffer.insert_text('\n')
    
        @kb.add('c-p')
        def _(event):
            event.current_buffer.text = '/plan'
            event.current_buffer.validate_and_handle()
    
        @kb.add('c-g')
        def _(event):
            event.current_buffer.text = '/guardian'
            event.current_buffer.validate_and_handle()
    
        def bottom_toolbar():
            tokens = getattr(self, 'session_tokens', 0)
            cost = (tokens / 1000000) * 3.0
            mode = self.permission_engine.mode.value
            effort = getattr(self, 'effort', 'Medium')
    
            goal_ui = ""
            if getattr(self, 'goal_total_steps', 0) > 0:
                pct = int((getattr(self, 'goal_current_step', 0) / getattr(self, 'goal_total_steps', 1)) * 100)
                filled = int(10 * (pct / 100))
                bar = "\u2588" * filled + "\u2591" * (10 - filled)
                goal_ui = f" | Goal: [{bar}] {pct}% "
    
            return [
                ('class:toolbar_title', ' NimCode '),
                ('class:toolbar_text', f' Model: {self.model} | Mode: {mode} | Tokens: {tokens} | Cost: ${cost:.4f} | Effort: {effort}{goal_ui}'),
                ('class:toolbar_shortcut', ' [Alt+Enter] multiline '),
            ]
        from prompt_toolkit.completion import NestedCompleter, WordCompleter, PathCompleter
    
        command_completer = NestedCompleter.from_nested_dict({
            '/help': None,
            '/plan': None,
            '/code': None,
            '/models': None,
            '/theme': WordCompleter(['monokai', 'dracula', 'nord', 'github']),
            '/clear': None,
            '/compact': None,
            '/commit': None,
            '/fix': None,
            '/testgen': PathCompleter(),
            '/vision': None,
            '/voice': None,
            '/index': None,
            '/exit': None,
            '/quit': None,
            '/learn': None,
            '/cost': None,
            '/effort': WordCompleter(['Low', 'Medium', 'High']),
            '/thinking': None,
            '/add': PathCompleter(),
            '/research': None,
            '/swarm': None,
            '/tdd': None,
            '/mcp': WordCompleter(['install']),
            '/rewind': None,
            '/fork': None,
            '/grill-me': None,
            '/teleport': PathCompleter(),
            '/buddy': None,
            '/ultraplan': None,
            '/bughunter': None,
            '/security-review': None,
            '/doctor': None,
            '/permissions': WordCompleter(['auto', 'bypass', 'default']),
            '/graph': None,
            '/guardian': None,
            '/thinkback': None,
            '/autofix-pr': None,
            '/terraform-god': None,
            '/sql-tune': None,
            '/decompile': PathCompleter(),
        })
    
        from prompt_toolkit.lexers import PygmentsLexer
        from pygments.lexers.shell import BashLexer
        from prompt_toolkit.auto_suggest import AutoSuggestFromHistory
    
        session = PromptSession(
            style=style,
            key_bindings=kb,
            multiline=True,
            bottom_toolbar=bottom_toolbar,
            completer=command_completer,
            lexer=PygmentsLexer(BashLexer),
            auto_suggest=AutoSuggestFromHistory()
        )
    
        while True:
            try:
                user_input = await session.prompt_async("> ")
                if user_input.lower() in ["/exit", "/quit"]:
>                   self.save_history()
                    ^^^^^^^^^^^^^^^^^
E                   AttributeError: 'NimcodeREPL' object has no attribute 'save_history'

src\nimcode\repl.py:290: AttributeError
---------------------------- Captured stdout call -----------------------------
\u250c\u2500 NimCode v3.0.0 \u2500\u2500\u2500\u2500\u2500\u2500\u2500\u2500\u2500\u2500\u2500\u2500\u2500\u2500\u2500\u2500\u2500\u2500\u2500\u2500\u2500\u2500\u2500\u2500\u2500\u2500\u2500\u2500\u2500\u2500\u2500\u2500\u2500\u2500\u2500\u2500\u2500\u2500\u2500\u2500\u2500\u2500\u2500\u2500\u2500\u2500\u2500\u2500\u2500\u2500\u2500\u2500\u2500\u2500\u2500\u2500\u2500\u2500\u2500\u2500\u2510\n\u2502                            Tips for getting started                         \u2502\n\u2502       Welcome back!        Run /help to see available commands and          \u2502\n\u2502                            shortcuts.                                       \u2502\n\u2502           \u2580\u2584   \u2584\u2580          Use /models to change the current model.         \u2502\n\u2502         \u2584\u2588\u2580\u2588\u2588\u2588\u2580\u2588\u2584                                                           \u2502\n\u2502        \u2588\u2580\u2588\u2588\u2588\u2588\u2588\u2588\u2588\u2580\u2588         What's new                                       \u2502\n\u2502        \u2588 \u2588\u2580\u2580\u2580\u2580\u2580\u2588 \u2588         \u2022 Added native multiline REPL support            \u2502\n\u2502           \u2580\u2580   \u2580\u2580          (Alt+Enter for newline).                         \u2502\n\u2502                            \u2022 Polished UI to match Claude Code experience.   \u2502\n\u2502          model1            \u2022 More robust JSON parsing for tools.            \u2502\n\u2502   ...-IQT2FP8\\Desktop\\\u2026                                                     \u2502\n\u2502          (main)                                                             \u2502\n\u2502     Disk Free: 370 GB                                                       \u2502\n\u2502      Test Coverage:                                                         \u2502\n\u2502    [\u2588\u2588\u2588\u2591\u2591\u2591\u2591\u2591\u2591\u2591] 34.2%                                                       \u2502\n\u2514\u2500\u2500\u2500\u2500\u2500\u2500\u2500\u2500\u2500\u2500\u2500\u2500\u2500\u2500\u2500\u2500\u2500\u2500\u2500\u2500\u2500\u2500\u2500\u2500\u2500\u2500\u2500\u2500\u2500\u2500\u2500\u2500\u2500\u2500\u2500\u2500\u2500\u2500\u2500\u2500\u2500\u2500\u2500\u2500\u2500\u2500\u2500\u2500\u2500\u2500\u2500\u2500\u2500\u2500\u2500\u2500\u2500\u2500\u2500\u2500\u2500\u2500\u2500\u2500\u2500\u2500\u2500\u2500\u2500\u2500\u2500\u2500\u2500\u2500\u2500\u2500\u2500\u2518\n\n                       NimCode Commands                        \n\u250c\u2500\u2500\u2500\u2500\u2500\u2500\u2500\u2500\u2500\u2500\u2500\u2500\u2500\u2500\u2500\u2500\u2500\u252c\u2500\u2500\u2500\u2500\u2500\u2500\u2500\u2500\u2500\u2500\u2500\u2500\u2500\u2500\u2500\u2500\u2500\u2500\u2500\u2500\u2500\u2500\u2500\u2500\u2500\u2500\u2500\u2500\u2500\u2500\u2500\u2500\u2500\u2500\u2500\u2500\u2500\u2500\u2500\u2500\u2500\u2500\u2500\u2510\n\u2502 Command         \u2502 Description                               \u2502\n\u251c\u2500\u2500\u2500\u2500\u2500\u2500\u2500\u2500\u2500\u2500\u2500\u2500\u2500\u2500\u2500\u2500\u2500\u253c\u2500\u2500\u2500\u2500\u2500\u2500\u2500\u2500\u2500\u2500\u2500\u2500\u2500\u2500\u2500\u2500\u2500\u2500\u2500\u2500\u2500\u2500\u2500\u2500\u2500\u2500\u2500\u2500\u2500\u2500\u2500\u2500\u2500\u2500\u2500\u2500\u2500\u2500\u2500\u2500\u2500\u2500\u2500\u2524\n\u2502 /help           \u2502 Show this help menu                       \u2502\n\u2502 /plan           \u2502 Enter planning mode (safe mode)           \u2502\n\u2502 /code           \u2502 Enter coding mode (all tools enabled)     \u2502\n\u2502 /models         \u2502 Select NVIDIA NIM model                   \u2502\n\u2502 /theme <name>   \u2502 Change syntax theme (e.g., monokai)       \u2502\n\u2502 /clear          \u2502 Clear current context history             \u2502\n\u2502 /compact        \u2502 Compact context to save tokens            \u2502\n\u2502 /commit         \u2502 Auto-generate git commit message          \u2502\n\u2502 /fix <cmd>      \u2502 Run command and fix errors automatically  \u2502\n\u2502 /testgen <file> \u2502 Generate 100% coverage tests for a file   \u2502\n\u2502 /vision         \u2502 Capture screen and analyze with Vision AI \u2502\n\u2502 /voice          \u2502 Speak to NimCode (records for 5 seconds)  \u2502\n\u2502 /index          \u2502 Index project files for Semantic Search   \u2502\n\u2502 /exit           \u2502 Exit NimCode                              \u2502\n\u2514\u2500\u2500\u2500\u2500\u2500\u2500\u2500\u2500\u2500\u2500\u2500\u2500\u2500\u2500\u2500\u2500\u2500\u2534\u2500\u2500\u2500\u2500\u2500\u2500\u2500\u2500\u2500\u2500\u2500\u2500\u2500\u2500\u2500\u2500\u2500\u2500\u2500\u2500\u2500\u2500\u2500\u2500\u2500\u2500\u2500\u2500\u2500\u2500\u2500\u2500\u2500\u2500\u2500\u2500\u2500\u2500\u2500\u2500\u2500\u2500\u2500\u2518\nFetching available models from NVIDIA NIM...\nModel changed to: model1\nContext compacted.\nContext cleared.\nUnknown command '/history'. Did you mean /vision?\nUnknown command '/save'. Did you mean /voice?\nUnknown command '/load'. Did you mean /add?\nUnknown command '/tokens'. Did you mean /models?\nUsage: /config set <key> <value>\nTheme updated to 'monokai'\nTheme updated to 'model1'\nEntering Code mode. Standard permissions restored.\n\U0001f525 Entering Interrogation Mode. NimCode will now grill you about your code! \U0001f525\n\x07\U0001f52c Reverse Engineering Mode. Target: target\n\x07\U0001f6e2\ufe0f Database Telepathy (SQL Auto-Tuning) Activated\n\x07\u2601\ufe0f Terraform God Mode Activated\n\x07\U0001f527 Pull Request Auto-Fixer...\n\x07\u23ea Entering Agent Replay Mode (Thinkback)\n      Recent Agent Actions       \n\u250c\u2500\u2500\u2500\u2500\u2500\u2500\u252c\u2500\u2500\u2500\u2500\u2500\u2500\u2500\u2500\u252c\u2500\u2500\u2500\u2500\u2500\u2500\u2500\u2500\u2500\u2500\u2500\u2500\u2500\u2500\u2500\u2510\n\u2502 Turn \u2502 Tokens \u2502 Tools Called  \u2502\n\u251c\u2500\u2500\u2500\u2500\u2500\u2500\u253c\u2500\u2500\u2500\u2500\u2500\u2500\u2500\u2500\u253c\u2500\u2500\u2500\u2500\u2500\u2500\u2500\u2500\u2500\u2500\u2500\u2500\u2500\u2500\u2500\u2524\n\u2502 1    \u2502 450    \u2502 Read, Glob    \u2502\n\u2502 2    \u2502 1200   \u2502 Bash, Write   \u2502\n\u2502 3    \u2502 300    \u2502 StartTerminal \u2502\n\u2514\u2500\u2500\u2500\u2500\u2500\u2500\u2534\u2500\u2500\u2500\u2500\u2500\u2500\u2500\u2500\u2534\u2500\u2500\u2500\u2500\u2500\u2500\u2500\u2500\u2500\u2500\u2500\u2500\u2500\u2500\u2500\u2518\nNote: Full replay logs are stored in .nimcode/logs/\n\U0001f6e1\ufe0f Application Guardian Activated. Agent is now aggressively protecting main \nbranch.\n\U0001f5fa\ufe0f Generating Architectural Map...\n\x07Unknown command '/review'. Did you mean /voice?\nGenerating commit message...\nSuggested Commit:\nI am done. TASK_COMPLETE\n\nTo commit, run: git commit -m "..."\nUnknown command '/undo'. Did you mean /index?
---------------------------- Captured stderr call -----------------------------
warning: in the working copy of '.github/workflows/publish.yml', LF will be replaced by CRLF the next time Git touches it
warning: in the working copy of 'src/nimcode/cli.py', LF will be replaced by CRLF the next time Git touches it
warning: in the working copy of 'src/nimcode/lenient_parser.py', LF will be replaced by CRLF the next time Git touches it
warning: in the working copy of 'src/nimcode/nim_client.py', LF will be replaced by CRLF the next time Git touches it
warning: in the working copy of 'src/nimcode/permissions.py', LF will be replaced by CRLF the next time Git touches it
warning: in the working copy of 'src/nimcode/tools.py', LF will be replaced by CRLF the next time Git touches it
warning: in the working copy of 'tests/test_config.py', LF will be replaced by CRLF the next time Git touches it
warning: in the working copy of 'tests/test_lenient_parser.py', LF will be replaced by CRLF the next time Git touches it
warning: in the working copy of 'tests/test_mcp_client.py', LF will be replaced by CRLF the next time Git touches it
warning: in the working copy of 'tests/test_memory.py', LF will be replaced by CRLF the next time Git touches it
warning: in the working copy of 'tests/test_nim_client.py', LF will be replaced by CRLF the next time Git touches it
=========================== short test summary info ===========================
FAILED tests/test_repl.py::test_start_repl_exit - AttributeError: 'NimcodeREP...
FAILED tests/test_repl.py::test_start_repl_commands - AttributeError: 'Nimcod...
======================== 2 failed, 10 passed in 1.60s =========================
